{
	"valid": ["2022-2023", "2023-2024", "2024-2025", "2025-2026", "2026-2027"]
	"invalid": ["", "202-2023", "2023-202", "2024-225", "225-2026", "2026-027"]
}
